
$ sudo apt-get install zip

# get latest luarocks (http://luarocks.org)

$ tar -xzvf luarocks.tar.gz .

$ cd luarocks

$ export WIMBLY_PATH=/var/www

$ ./configure --prefix=$WIMBLY_PATH/luajit --with-lua=$WIMBLY_PATH/luajit --lua-suffix=jit --with-lua-include=$WIMBLY_PATH/luajit/include/luajit-2.1

$ make build

$ make install

# sometimes luajit needs a symlink to be happy

# (only if an error with luarocks finding luajit!)
$ ln -s $WIMBLY_PATH/luajit/bin/luajit-2.1.0-alpha $WIMBLY_PATH/luajit/bin/luajit

$ $WIMBLY_PATH/luajit/bin/luarocks install uuid

$ $WIMBLY_PATH/luajit/bin/luarocks install date

$ $WIMBLY_PATH/luajit/bin/luarocks install bcrypt

$ $WIMBLY_PATH/luajit/bin/luarocks install inspect

$ $WIMBLY_PATH/luajit/bin/luarocks install middleclass

$ $WIMBLY_PATH/luajit/bin/luarocks install LuaFileSystem

$ $WIMBLY_PATH/luajit/bin/luarocks install telescope

$ $WIMBLY_PATH/luajit/bin/luarocks install csv

$ $WIMBLY_PATH/luajit/bin/luarocks install mimetypes
